Microchip MPLAB XC8 Compiler V1.41 ()

Linker command line:

-W-3 --edf=C:\Program Files (x86)\Microchip\xc8\v1.41\dat\en_msgs.txt -cs \
  -h+dist/default/debug\comms.X.debug.sym \
  --cmf=dist/default/debug\comms.X.debug.cmf -z -Q18F14K50 \
  -oC:\Users\Kinari\AppData\Local\Temp\snq8.2 \
  -Mdist/default/debug/comms.X.debug.map -E1 -ver=XC8 -ASTACK=060h-02ffh \
  -pstack=STACK -ACODE=00h-03DFFh -ACONST=00h-03DFFh \
  -ASMALLCONST=0300h-03FFhx59 -AMEDIUMCONST=0300h-03DFFh -ACOMRAM=01h-05Fh \
  -AABS1=00h-02FFh -ABIGRAM=01h-02FFh -ARAM=060h-0FFh,0100h-01FFhx2 \
  -ABANK0=060h-0FFh -ABANK1=0100h-01FFh -ABANK2=0200h-02FFh \
  -ASFR=0F53h-0F5Fh,0F60h-0FFCh \
  -preset_vec=00h,intcode=08h,intcodelo,powerup,init -pramtop=0300h \
  -psmallconst=SMALLCONST -pmediumconst=MEDIUMCONST -pconst=CONST \
  -AFARRAM=00h-00h -ACONFIG=0300000h-030000Dh -pconfig=CONFIG \
  -AIDLOC=0200000h-0200007h -pidloc=IDLOC -AEEDATA=0F00000h-0F000FFh \
  -peeprom_data=EEDATA \
  -prdata=COMRAM,nvrram=COMRAM,nvbit=COMRAM,rbss=COMRAM,rbit=COMRAM \
  -pfarbss=FARRAM,fardata=FARRAM,nvFARRAM=FARRAM \
  -pintsave_regs=BIGRAM,bigbss=BIGRAM,bigdata=BIGRAM -pbss=RAM \
  -pidata=CODE,irdata=CODE,ibigdata=CODE,ifardata=CODE -prparam=COMRAM \
  C:\Users\Kinari\AppData\Local\Temp\snq8.obj \
  dist/default/debug\comms.X.debug.obj 

Object code version is 3.11

Machine type is 18F14K50

Call graph: (short form)




                Name                               Link     Load   Length Selector   Space Scale
C:\Users\Kinari\AppData\Local\Temp\snq8.obj
                init                                 CA       CA        4        4       0
                reset_vec                             0        0        6        0       0
                idloc                            200000   200000        8   200000       0
                config                           300000   300000        E   300000       0
dist/default/debug\comms.X.debug.obj
                intcode                               8        8       C2        4       0
                temp                                 43       43        1        1       1
                text15                              5A8      5A8       24        4       0
                text13                              612      612       14        4       0
                text12                              466      466       56        4       0
                text11                              52A      52A       30        4       0
                text10                              626      626        A        4       0
                text9                               4F4      4F4       36        4       0
                text8                               5CC      5CC       1E        4       0
                text7                               584      584       24        4       0
                text6                               5FE      5FE       14        4       0
                text5                               3B8      3B8       AE        4       0
                text4                               4BC      4BC       38        4       0
                text3                               2C4      2C4       F4        4       0
                text2                               1D0      1D0       F4        4       0
                text1                                CE       CE      102        4       0
                text0                               55A      55A       2A        4       0
                cstackCOMRAM                          1        1       3F        1       1
                bssCOMRAM                            40       40        3        1       1
                cinit                               5EA      5EA       14        4       0

TOTAL           Name                               Link     Load   Length     Space
        CLASS   STACK          

        CLASS   CODE           
                intcode                               8        8       C2         0
                init                                 CA       CA        4         0
                reset_vec                             0        0        6         0
                text15                              5A8      5A8       24         0
                text13                              612      612       14         0
                text12                              466      466       56         0
                text11                              52A      52A       30         0
                text10                              626      626        A         0
                text9                               4F4      4F4       36         0
                text8                               5CC      5CC       1E         0
                text7                               584      584       24         0
                text6                               5FE      5FE       14         0
                text5                               3B8      3B8       AE         0
                text4                               4BC      4BC       38         0
                text3                               2C4      2C4       F4         0
                text2                               1D0      1D0       F4         0
                text1                                CE       CE      102         0
                text0                               55A      55A       2A         0
                cinit                               5EA      5EA       14         0

        CLASS   CONST          

        CLASS   SMALLCONST     

        CLASS   MEDIUMCONST    

        CLASS   COMRAM         
                temp                                 43       43        1         1
                cstackCOMRAM                          1        1       3F         1
                bssCOMRAM                            40       40        3         1

        CLASS   ABS1           

        CLASS   BIGRAM         

        CLASS   RAM            

        CLASS   BANK0          

        CLASS   BANK1          

        CLASS   BANK2          

        CLASS   SFR            

        CLASS   FARRAM         

        CLASS   CONFIG         
                config                           300000   300000        E         0

        CLASS   IDLOC          
                idloc                            200000   200000        8         0

        CLASS   EEDATA         



SEGMENTS        Name                           Load    Length   Top    Selector   Space  Class

                reset_vec                      000000  000006  000006         0       0  CODE    
                cstackCOMRAM                   000001  000043  000044         1       1  COMRAM  
                intcode                        000008  000628  000630         4       0  CODE    
                idloc                          200000  000008  200008    200000       0  IDLOC   
                config                         300000  00000E  30000E    300000       0  CONFIG  


UNUSED ADDRESS RANGES

        Name                Unused          Largest block    Delta
        BANK0            000060-0000FF               A0
        BANK1            000100-0001FF              100
        BANK2            000200-0002FF              100
        BIGRAM           000044-0002FF              2BC
        CODE             000006-000007                2
                         000630-003DFF             37D0
        COMRAM           000044-00005F               1C
        CONST            000006-000007                2
                         000630-003DFF             37D0
        EEDATA           F00000-F000FF              100
        MEDIUMCONST      000630-003DFF             37D0
        RAM              000060-0002FF              100
        SFR              000F53-000FFC                D
        SMALLCONST       000630-003DFF              100
        STACK            000060-0002FF              2A0

                                  Symbol Table

?___awtoft                     cstackCOMRAM 000018
?___ftmul                      cstackCOMRAM 00001C
?___ftpack                     cstackCOMRAM 000010
?___fttol                      cstackCOMRAM 00002B
_ADCON0                        (abs)        000FC2
_ADCON0bits                    (abs)        000FC2
_ADCON1                        (abs)        000FC1
_ADCON2                        (abs)        000FC0
_ADRESH                        (abs)        000FC4
_ANSEL                         (abs)        000F7E
_ANSELH                        (abs)        000F7F
_BAUDCON                       (abs)        000FB8
_CCP1CON                       (abs)        000FBD
_CCP1CONbits                   (abs)        000FBD
_CCPR1H                        (abs)        000FBF
_CCPR1L                        (abs)        000FBE
_EEADR                         (abs)        000FA9
_EECON1                        (abs)        000FA6
_EECON1bits                    (abs)        000FA6
_EECON2                        (abs)        000FA7
_EEDATA                        (abs)        000FA8
_INTCONbits                    (abs)        000FF2
_IPR1bits                      (abs)        000F9F
_IPR2bits                      (abs)        000FA2
_LATC                          (abs)        000F8B
_LATCbits                      (abs)        000F8B
_OSCCON                        (abs)        000FD3
_OSCCON2bits                   (abs)        000FD2
_PIE1bits                      (abs)        000F9D
_PIE2bits                      (abs)        000FA0
_PIR1bits                      (abs)        000F9E
_PIR2bits                      (abs)        000FA1
_PR2                           (abs)        000FCB
_RCONbits                      (abs)        000FD0
_RCREG                         (abs)        000FAE
_RCSTA                         (abs)        000FAB
_SPBRG                         (abs)        000FAF
_SPBRGH                        (abs)        000FB0
_SSPADD                        (abs)        000FC8
_SSPBUF                        (abs)        000FC9
_SSPCON1                       (abs)        000FC6
_SSPCON1bits                   (abs)        000FC6
_SSPCON2                       (abs)        000FC5
_SSPCON2bits                   (abs)        000FC5
_SSPSTAT                       (abs)        000FC7
_SSPSTATbits                   (abs)        000FC7
_T2CON                         (abs)        000FCA
_TMR2                          (abs)        000FCC
_TMR2ON                        (abs)        007E52
_TRISB                         (abs)        000F93
_TRISBbits                     (abs)        000F93
_TRISC                         (abs)        000F94
_TRISCbits                     (abs)        000F94
_TXREG                         (abs)        000FAD
_TXSTA                         (abs)        000FAC
__CFG_BBSIZ$OFF                (abs)        000000
__CFG_BOREN$OFF                (abs)        000000
__CFG_BORV$30                  (abs)        000000
__CFG_CP0$OFF                  (abs)        000000
__CFG_CP1$OFF                  (abs)        000000
__CFG_CPB$OFF                  (abs)        000000
__CFG_CPD$OFF                  (abs)        000000
__CFG_CPUDIV$NOCLKDIV          (abs)        000000
__CFG_EBTR0$OFF                (abs)        000000
__CFG_EBTR1$OFF                (abs)        000000
__CFG_EBTRB$OFF                (abs)        000000
__CFG_FCMEN$OFF                (abs)        000000
__CFG_FOSC$HS                  (abs)        000000
__CFG_HFOFST$OFF               (abs)        000000
__CFG_IESO$OFF                 (abs)        000000
__CFG_LVP$OFF                  (abs)        000000
__CFG_PCLKEN$ON                (abs)        000000
__CFG_PLLEN$ON                 (abs)        000000
__CFG_PWRTEN$OFF               (abs)        000000
__CFG_STVREN$ON                (abs)        000000
__CFG_USBDIV$OFF               (abs)        000000
__CFG_WDTEN$OFF                (abs)        000000
__CFG_WDTPS$32768              (abs)        000000
__CFG_WRT0$OFF                 (abs)        000000
__CFG_WRT1$OFF                 (abs)        000000
__CFG_WRTB$OFF                 (abs)        000000
__CFG_WRTC$OFF                 (abs)        000000
__CFG_WRTD$OFF                 (abs)        000000
__CFG_XINST$OFF                (abs)        000000
__HRAM                         (abs)        000000
__Habs1                        abs1         000000
__Hbank0                       bank0        000000
__Hbank1                       bank1        000000
__Hbank2                       bank2        000000
__Hbigbss                      bigbss       000000
__Hbigdata                     bigdata      000000
__Hbigram                      bigram       000000
__Hbss                         bss          000000
__HbssCOMRAM                   bssCOMRAM    000000
__Hcinit                       cinit        000000
__Hclrtext                     clrtext      000000
__Hcomram                      comram       000000
__Hconfig                      config       30000E
__Hconst                       const        000000
__HcstackCOMRAM                cstackCOMRAM 000000
__Hdata                        data         000000
__Heeprom_data                 eeprom_data  000000
__Hfarbss                      farbss       000000
__Hfardata                     fardata      000000
__Hibigdata                    ibigdata     000000
__Hidata                       idata        000000
__Hidloc                       idloc        200008
__Hifardata                    ifardata     000000
__Hinit                        init         0000CE
__Hintcode                     intcode      0000CA
__Hintcode_body                intcode_body 000000
__Hintcodelo                   intcodelo    0000CA
__Hintentry                    intentry     000000
__Hintret                      intret       000000
__Hintsave_regs                intsave_regs 000000
__Hirdata                      irdata       000000
__Hmediumconst                 mediumconst  000000
__HnvFARRAM                    nvFARRAM     000000
__Hnvbit                       nvbit        000000
__Hnvrram                      nvrram       000000
__Hparam                       rparam       000000
__Hpowerup                     powerup      0000CA
__Hram                         ram          000000
__Hramtop                      ramtop       000300
__Hrbit                        rbit         000000
__Hrbss                        rbss         000000
__Hrdata                       rdata        000000
__Hreset_vec                   reset_vec    000006
__Hrparam                      rparam       000000
__Hsfr                         sfr          000000
__Hsmallconst                  smallconst   000000
__Hspace_0                     (abs)        30000E
__Hspace_1                     (abs)        000044
__Hspace_2                     (abs)        000000
__Hstack                       stack        000000
__Hstruct                      struct       000000
__Htemp                        temp         000044
__Htext                        text         000000
__Htext0                       text0        000000
__Htext1                       text1        000000
__Htext10                      text10       000000
__Htext11                      text11       000000
__Htext12                      text12       000000
__Htext13                      text13       000000
__Htext15                      text15       000000
__Htext2                       text2        000000
__Htext3                       text3        000000
__Htext4                       text4        000000
__Htext5                       text5        000000
__Htext6                       text6        000000
__Htext7                       text7        000000
__Htext8                       text8        000000
__Htext9                       text9        000000
__LRAM                         (abs)        000001
__Labs1                        abs1         000000
__Lbank0                       bank0        000000
__Lbank1                       bank1        000000
__Lbank2                       bank2        000000
__Lbigbss                      bigbss       000000
__Lbigdata                     bigdata      000000
__Lbigram                      bigram       000000
__Lbss                         bss          000000
__LbssCOMRAM                   bssCOMRAM    000000
__Lcinit                       cinit        000000
__Lclrtext                     clrtext      000000
__Lcomram                      comram       000000
__Lconfig                      config       300000
__Lconst                       const        000000
__LcstackCOMRAM                cstackCOMRAM 000000
__Ldata                        data         000000
__Leeprom_data                 eeprom_data  000000
__Lfarbss                      farbss       000000
__Lfardata                     fardata      000000
__Libigdata                    ibigdata     000000
__Lidata                       idata        000000
__Lidloc                       idloc        200000
__Lifardata                    ifardata     000000
__Linit                        init         0000CA
__Lintcode                     intcode      000008
__Lintcode_body                intcode_body 000000
__Lintcodelo                   intcodelo    0000CA
__Lintentry                    intentry     000000
__Lintret                      intret       000000
__Lintsave_regs                intsave_regs 000000
__Lirdata                      irdata       000000
__Lmediumconst                 mediumconst  000000
__LnvFARRAM                    nvFARRAM     000000
__Lnvbit                       nvbit        000000
__Lnvrram                      nvrram       000000
__Lparam                       rparam       000000
__Lpowerup                     powerup      0000CA
__Lram                         ram          000000
__Lramtop                      ramtop       000300
__Lrbit                        rbit         000000
__Lrbss                        rbss         000000
__Lrdata                       rdata        000000
__Lreset_vec                   reset_vec    000000
__Lrparam                      rparam       000000
__Lsfr                         sfr          000000
__Lsmallconst                  smallconst   000000
__Lspace_0                     (abs)        000000
__Lspace_1                     (abs)        000000
__Lspace_2                     (abs)        000000
__Lstack                       stack        000000
__Lstruct                      struct       000000
__Ltemp                        temp         000043
__Ltext                        text         000000
__Ltext0                       text0        000000
__Ltext1                       text1        000000
__Ltext10                      text10       000000
__Ltext11                      text11       000000
__Ltext12                      text12       000000
__Ltext13                      text13       000000
__Ltext15                      text15       000000
__Ltext2                       text2        000000
__Ltext3                       text3        000000
__Ltext4                       text4        000000
__Ltext5                       text5        000000
__Ltext6                       text6        000000
__Ltext7                       text7        000000
__Ltext8                       text8        000000
__Ltext9                       text9        000000
__S0                           (abs)        30000E
__S1                           (abs)        000044
__S2                           (abs)        000000
___awtoft                      text4        0004BC
___awtoft@c                    cstackCOMRAM 000018
___awtoft@sign                 cstackCOMRAM 00001B
___ftmul                       text3        0002C4
___ftmul@cntr                  cstackCOMRAM 000029
___ftmul@exp                   cstackCOMRAM 000025
___ftmul@f1                    cstackCOMRAM 00001C
___ftmul@f2                    cstackCOMRAM 00001F
___ftmul@f3_as_product         cstackCOMRAM 000026
___ftmul@sign                  cstackCOMRAM 00002A
___ftpack                      text5        0003B8
___ftpack@arg                  cstackCOMRAM 000010
___ftpack@exp                  cstackCOMRAM 000013
___ftpack@sign                 cstackCOMRAM 000014
___fttol                       text2        0001D0
___fttol@exp1                  cstackCOMRAM 000039
___fttol@f1                    cstackCOMRAM 00002B
___fttol@lval                  cstackCOMRAM 000035
___fttol@sign1                 cstackCOMRAM 000034
___inthi_sp                    stack        000000
___intlo_sp                    stack        000000
___param_bank                  (abs)        000000
___rparam_used                 (abs)        000001
___sp                          stack        000000
__accesstop                    (abs)        000060
__activetblptr                 (abs)        000002
__end_of___awtoft              text4        0004F4
__end_of___ftmul               text3        0003B8
__end_of___ftpack              text5        000466
__end_of___fttol               text2        0002C4
__end_of__initialization       cinit        0005F0
__end_of_change_rotate         text13       000626
__end_of_full_bridge_pwm_init  text12       0004BC
__end_of_i2c_init              text11       00055A
__end_of_init_for_MD           text9        00052A
__end_of_intr                  intcode      0000CA
__end_of_intr_init             text10       000630
__end_of_main                  text0        000584
__end_of_serial_init           text8        0005EA
__end_of_set_addr              text6        000612
__end_of_set_duty              text1        0001D0
__end_of_which_am_i            text7        0005A8
__end_ofi2_which_am_i          text15       0005CC
__initialization               cinit        0005EA
__mediumconst                  mediumconst  000000
__pbssCOMRAM                   bssCOMRAM    000040
__pcinit                       cinit        0005EA
__pcstackCOMRAM                cstackCOMRAM 000001
__pintcode                     intcode      000008
__ptext0                       text0        00055A
__ptext1                       text1        0000CE
__ptext10                      text10       000626
__ptext11                      text11       00052A
__ptext12                      text12       000466
__ptext13                      text13       000612
__ptext15                      text15       0005A8
__ptext2                       text2        0001D0
__ptext3                       text3        0002C4
__ptext4                       text4        0004BC
__ptext5                       text5        0003B8
__ptext6                       text6        0005FE
__ptext7                       text7        000584
__ptext8                       text8        0005CC
__ptext9                       text9        0004F4
__ramtop                       ramtop       000300
__size_of___awtoft             (abs)        000000
__size_of___ftmul              (abs)        000000
__size_of___ftpack             (abs)        000000
__size_of___fttol              (abs)        000000
__size_of_change_rotate        (abs)        000000
__size_of_full_bridge_pwm_init (abs)        000000
__size_of_i2c_init             (abs)        000000
__size_of_init_for_MD          (abs)        000000
__size_of_intr                 (abs)        000000
__size_of_intr_init            (abs)        000000
__size_of_main                 (abs)        000000
__size_of_serial_init          (abs)        000000
__size_of_set_addr             (abs)        000000
__size_of_set_duty             (abs)        000000
__size_of_which_am_i           (abs)        000000
__size_ofi2_which_am_i         (abs)        000000
__smallconst                   smallconst   000000
_change_rotate                 text13       000612
_data_i2c                      bssCOMRAM    000042
_data_serial                   bssCOMRAM    000041
_freq                          bssCOMRAM    000040
_full_bridge_pwm_init          text12       000466
_i2c_init                      text11       00052A
_init_for_MD                   text9        0004F4
_intr                          intcode      000008
_intr_init                     text10       000626
_main                          text0        00055A
_serial_init                   text8        0005CC
_set_addr                      text6        0005FE
_set_duty                      text1        0000CE
_which_am_i                    text7        000584
btemp                          temp         000043
change_rotate@s                cstackCOMRAM 000010
end_of_initialization          cinit        0005F0
full_bridge_pwm_init@frequency cstackCOMRAM 000010
i2_which_am_i                  text15       0005A8
i2c_init@select                cstackCOMRAM 000010
init_for_MD@active             cstackCOMRAM 000010
int$flags                      temp         000043
intlevel0                      text         000000
intlevel1                      text         000000
intlevel2                      text         000000
intlevel3                      text         000000
intr@mem                       cstackCOMRAM 00000F
main@duty                      cstackCOMRAM 00003F
set_addr@addr                  cstackCOMRAM 000010
set_duty@duty                  cstackCOMRAM 00003E
set_duty@pw                    cstackCOMRAM 00003C
stackhi                        (abs)        0002FF
stacklo                        (abs)        000060
start                          init         0000CA
start_initialization           cinit        0005EA


FUNCTION INFORMATION:

 *************** function _main *****************
 Defined at:
		line 59 in file "main.c"
 Parameters:    Size  Location     Type
		None
 Auto vars:     Size  Location     Type
  duty            1   62[COMRAM] unsigned char 
 Return value:  Size  Location     Type
                  1    wreg      void 
 Registers used:
		wreg, status,2, status,0, prodl, prodh, cstack
 Tracked objects:
		On entry : 
		On exit  : 
		Unchanged: 
 Data sizes:     COMRAM   BANK0   BANK1   BANK2
      Params:         0       0       0       0
      Locals:         1       0       0       0
      Temps:          0       0       0       0
      Totals:         1       0       0       0
Total ram usage:        1 bytes
 Hardware stack levels required when called:    5
 This function calls:
		_change_rotate
		_full_bridge_pwm_init
		_i2c_init
		_init_for_MD
		_serial_init
		_set_addr
		_set_duty
 This function is called by:
		Startup code after reset
 This function uses a non-reentrant model


 *************** function _set_duty *****************
 Defined at:
		line 290 in file "stdfunc.c"
 Parameters:    Size  Location     Type
  duty            1    wreg     unsigned char 
 Auto vars:     Size  Location     Type
  duty            1   61[COMRAM] unsigned char 
  pw              2   59[COMRAM] unsigned int 
 Return value:  Size  Location     Type
                  1    wreg      void 
 Registers used:
		wreg, status,2, status,0, prodl, prodh, cstack
 Tracked objects:
		On entry : 
		On exit  : 
		Unchanged: 
 Data sizes:     COMRAM   BANK0   BANK1   BANK2
      Params:         0       0       0       0
      Locals:         3       0       0       0
      Temps:          2       0       0       0
      Totals:         5       0       0       0
Total ram usage:        5 bytes
 Hardware stack levels used:    1
 Hardware stack levels required when called:    4
 This function calls:
		___awtoft
		___ftmul
		___fttol
 This function is called by:
		_main
 This function uses a non-reentrant model


 *************** function ___fttol *****************
 Defined at:
		line 44 in file "C:\Program Files (x86)\Microchip\xc8\v1.41\sources\common\fttol.c"
 Parameters:    Size  Location     Type
  f1              3   42[COMRAM] float 
 Auto vars:     Size  Location     Type
  lval            4   52[COMRAM] unsigned long 
  exp1            1   56[COMRAM] unsigned char 
  sign1           1   51[COMRAM] unsigned char 
 Return value:  Size  Location     Type
                  4   42[COMRAM] long 
 Registers used:
		wreg, status,2, status,0
 Tracked objects:
		On entry : 
		On exit  : 
		Unchanged: 
 Data sizes:     COMRAM   BANK0   BANK1   BANK2
      Params:         4       0       0       0
      Locals:         6       0       0       0
      Temps:          5       0       0       0
      Totals:        15       0       0       0
Total ram usage:       15 bytes
 Hardware stack levels used:    1
 Hardware stack levels required when called:    2
 This function calls:
		Nothing
 This function is called by:
		_set_duty
 This function uses a non-reentrant model


 *************** function ___ftmul *****************
 Defined at:
		line 62 in file "C:\Program Files (x86)\Microchip\xc8\v1.41\sources\common\ftmul.c"
 Parameters:    Size  Location     Type
  f1              3   27[COMRAM] float 
  f2              3   30[COMRAM] float 
 Auto vars:     Size  Location     Type
  f3_as_produc    3   37[COMRAM] unsigned um
  sign            1   41[COMRAM] unsigned char 
  cntr            1   40[COMRAM] unsigned char 
  exp             1   36[COMRAM] unsigned char 
 Return value:  Size  Location     Type
                  3   27[COMRAM] float 
 Registers used:
		wreg, status,2, status,0, cstack
 Tracked objects:
		On entry : 
		On exit  : 
		Unchanged: 
 Data sizes:     COMRAM   BANK0   BANK1   BANK2
      Params:         6       0       0       0
      Locals:         6       0       0       0
      Temps:          3       0       0       0
      Totals:        15       0       0       0
Total ram usage:       15 bytes
 Hardware stack levels used:    1
 Hardware stack levels required when called:    3
 This function calls:
		___ftpack
 This function is called by:
		_set_duty
 This function uses a non-reentrant model


 *************** function ___awtoft *****************
 Defined at:
		line 32 in file "C:\Program Files (x86)\Microchip\xc8\v1.41\sources\common\awtoft.c"
 Parameters:    Size  Location     Type
  c               2   23[COMRAM] int 
 Auto vars:     Size  Location     Type
  sign            1   26[COMRAM] unsigned char 
 Return value:  Size  Location     Type
                  3   23[COMRAM] float 
 Registers used:
		wreg, status,2, status,0, cstack
 Tracked objects:
		On entry : 
		On exit  : 
		Unchanged: 
 Data sizes:     COMRAM   BANK0   BANK1   BANK2
      Params:         3       0       0       0
      Locals:         1       0       0       0
      Temps:          0       0       0       0
      Totals:         4       0       0       0
Total ram usage:        4 bytes
 Hardware stack levels used:    1
 Hardware stack levels required when called:    3
 This function calls:
		___ftpack
 This function is called by:
		_set_duty
 This function uses a non-reentrant model


 *************** function ___ftpack *****************
 Defined at:
		line 62 in file "C:\Program Files (x86)\Microchip\xc8\v1.41\sources\common\float.c"
 Parameters:    Size  Location     Type
  arg             3   15[COMRAM] unsigned um
  exp             1   18[COMRAM] unsigned char 
  sign            1   19[COMRAM] unsigned char 
 Auto vars:     Size  Location     Type
		None
 Return value:  Size  Location     Type
                  3   15[COMRAM] float 
 Registers used:
		wreg, status,2, status,0
 Tracked objects:
		On entry : 
		On exit  : 
		Unchanged: 
 Data sizes:     COMRAM   BANK0   BANK1   BANK2
      Params:         5       0       0       0
      Locals:         0       0       0       0
      Temps:          3       0       0       0
      Totals:         8       0       0       0
Total ram usage:        8 bytes
 Hardware stack levels used:    1
 Hardware stack levels required when called:    2
 This function calls:
		Nothing
 This function is called by:
		___awtoft
		___ftmul
 This function uses a non-reentrant model


 *************** function _set_addr *****************
 Defined at:
		line 212 in file "stdfunc.c"
 Parameters:    Size  Location     Type
  addr            1    wreg     unsigned char 
 Auto vars:     Size  Location     Type
  addr            1   15[COMRAM] unsigned char 
 Return value:  Size  Location     Type
                  1    wreg      void 
 Registers used:
		wreg, status,2, status,0, cstack
 Tracked objects:
		On entry : 
		On exit  : 
		Unchanged: 
 Data sizes:     COMRAM   BANK0   BANK1   BANK2
      Params:         0       0       0       0
      Locals:         1       0       0       0
      Temps:          0       0       0       0
      Totals:         1       0       0       0
Total ram usage:        1 bytes
 Hardware stack levels used:    1
 Hardware stack levels required when called:    3
 This function calls:
		_which_am_i
 This function is called by:
		_main
 This function uses a non-reentrant model


 *************** function _which_am_i *****************
 Defined at:
		line 125 in file "stdfunc.c"
 Parameters:    Size  Location     Type
		None
 Auto vars:     Size  Location     Type
		None
 Return value:  Size  Location     Type
                  1    wreg      unsigned char 
 Registers used:
		wreg
 Tracked objects:
		On entry : 
		On exit  : 
		Unchanged: 
 Data sizes:     COMRAM   BANK0   BANK1   BANK2
      Params:         0       0       0       0
      Locals:         0       0       0       0
      Temps:          0       0       0       0
      Totals:         0       0       0       0
Total ram usage:        0 bytes
 Hardware stack levels used:    1
 Hardware stack levels required when called:    2
 This function calls:
		Nothing
 This function is called by:
		_set_addr
 This function uses a non-reentrant model


 *************** function _serial_init *****************
 Defined at:
		line 218 in file "stdfunc.c"
 Parameters:    Size  Location     Type
		None
 Auto vars:     Size  Location     Type
		None
 Return value:  Size  Location     Type
                  1    wreg      void 
 Registers used:
		wreg, status,2
 Tracked objects:
		On entry : 
		On exit  : 
		Unchanged: 
 Data sizes:     COMRAM   BANK0   BANK1   BANK2
      Params:         0       0       0       0
      Locals:         0       0       0       0
      Temps:          0       0       0       0
      Totals:         0       0       0       0
Total ram usage:        0 bytes
 Hardware stack levels used:    1
 Hardware stack levels required when called:    2
 This function calls:
		Nothing
 This function is called by:
		_main
 This function uses a non-reentrant model


 *************** function _init_for_MD *****************
 Defined at:
		line 32 in file "stdfunc.c"
 Parameters:    Size  Location     Type
  active          1    wreg     unsigned char 
 Auto vars:     Size  Location     Type
  active          1   15[COMRAM] unsigned char 
 Return value:  Size  Location     Type
                  1    wreg      void 
 Registers used:
		wreg, status,2, cstack
 Tracked objects:
		On entry : 
		On exit  : 
		Unchanged: 
 Data sizes:     COMRAM   BANK0   BANK1   BANK2
      Params:         0       0       0       0
      Locals:         1       0       0       0
      Temps:          0       0       0       0
      Totals:         1       0       0       0
Total ram usage:        1 bytes
 Hardware stack levels used:    1
 Hardware stack levels required when called:    3
 This function calls:
		_intr_init
 This function is called by:
		_main
 This function uses a non-reentrant model


 *************** function _intr_init *****************
 Defined at:
		line 14 in file "stdfunc.c"
 Parameters:    Size  Location     Type
		None
 Auto vars:     Size  Location     Type
		None
 Return value:  Size  Location     Type
                  1    wreg      void 
 Registers used:
		None
 Tracked objects:
		On entry : 
		On exit  : 
		Unchanged: 
 Data sizes:     COMRAM   BANK0   BANK1   BANK2
      Params:         0       0       0       0
      Locals:         0       0       0       0
      Temps:          0       0       0       0
      Totals:         0       0       0       0
Total ram usage:        0 bytes
 Hardware stack levels used:    1
 Hardware stack levels required when called:    2
 This function calls:
		Nothing
 This function is called by:
		_init_for_MD
		_init
 This function uses a non-reentrant model


 *************** function _i2c_init *****************
 Defined at:
		line 108 in file "stdfunc.c"
 Parameters:    Size  Location     Type
  select          1    wreg     unsigned char 
 Auto vars:     Size  Location     Type
  select          1   15[COMRAM] unsigned char 
 Return value:  Size  Location     Type
                  1    wreg      void 
 Registers used:
		wreg, status,2
 Tracked objects:
		On entry : 
		On exit  : 
		Unchanged: 
 Data sizes:     COMRAM   BANK0   BANK1   BANK2
      Params:         0       0       0       0
      Locals:         1       0       0       0
      Temps:          0       0       0       0
      Totals:         1       0       0       0
Total ram usage:        1 bytes
 Hardware stack levels used:    1
 Hardware stack levels required when called:    2
 This function calls:
		Nothing
 This function is called by:
		_main
 This function uses a non-reentrant model


 *************** function _full_bridge_pwm_init *****************
 Defined at:
		line 260 in file "stdfunc.c"
 Parameters:    Size  Location     Type
  frequency       1    wreg     unsigned char 
 Auto vars:     Size  Location     Type
  frequency       1   15[COMRAM] unsigned char 
 Return value:  Size  Location     Type
                  1    wreg      void 
 Registers used:
		wreg, status,2, status,0
 Tracked objects:
		On entry : 
		On exit  : 
		Unchanged: 
 Data sizes:     COMRAM   BANK0   BANK1   BANK2
      Params:         0       0       0       0
      Locals:         1       0       0       0
      Temps:          0       0       0       0
      Totals:         1       0       0       0
Total ram usage:        1 bytes
 Hardware stack levels used:    1
 Hardware stack levels required when called:    2
 This function calls:
		Nothing
 This function is called by:
		_main
 This function uses a non-reentrant model


 *************** function _change_rotate *****************
 Defined at:
		line 318 in file "stdfunc.c"
 Parameters:    Size  Location     Type
  s               1    wreg     unsigned char 
 Auto vars:     Size  Location     Type
  s               1   15[COMRAM] unsigned char 
 Return value:  Size  Location     Type
                  1    wreg      void 
 Registers used:
		wreg, status,2
 Tracked objects:
		On entry : 
		On exit  : 
		Unchanged: 
 Data sizes:     COMRAM   BANK0   BANK1   BANK2
      Params:         0       0       0       0
      Locals:         1       0       0       0
      Temps:          0       0       0       0
      Totals:         1       0       0       0
Total ram usage:        1 bytes
 Hardware stack levels used:    1
 Hardware stack levels required when called:    2
 This function calls:
		Nothing
 This function is called by:
		_main
 This function uses a non-reentrant model


 *************** function _intr *****************
 Defined at:
		line 13 in file "main.c"
 Parameters:    Size  Location     Type
		None
 Auto vars:     Size  Location     Type
  mem             1   14[COMRAM] unsigned char 
 Return value:  Size  Location     Type
                  1    wreg      void 
 Registers used:
		wreg, status,2, cstack
 Tracked objects:
		On entry : 
		On exit  : 
		Unchanged: 
 Data sizes:     COMRAM   BANK0   BANK1   BANK2
      Params:         0       0       0       0
      Locals:         1       0       0       0
      Temps:         14       0       0       0
      Totals:        15       0       0       0
Total ram usage:       15 bytes
 Hardware stack levels used:    1
 Hardware stack levels required when called:    1
 This function calls:
		i2_which_am_i
 This function is called by:
		Interrupt level 2
 This function uses a non-reentrant model


 *************** function i2_which_am_i *****************
 Defined at:
		line 125 in file "stdfunc.c"
 Parameters:    Size  Location     Type
		None
 Auto vars:     Size  Location     Type
		None
 Return value:  Size  Location     Type
                  1    wreg      unsigned char 
 Registers used:
		wreg
 Tracked objects:
		On entry : 
		On exit  : 
		Unchanged: 
 Data sizes:     COMRAM   BANK0   BANK1   BANK2
      Params:         0       0       0       0
      Locals:         0       0       0       0
      Temps:          0       0       0       0
      Totals:         0       0       0       0
Total ram usage:        0 bytes
 Hardware stack levels used:    1
 This function calls:
		Nothing
 This function is called by:
		_intr
 This function uses a non-reentrant model



MODULE INFORMATION

Module		Function		Class		Link	Load	Size
C:\Program Files (x86)\Microchip\xc8\v1.41\sources\common\fttol.c
		___fttol       		CODE           	01D0	0000	245

C:\Program Files (x86)\Microchip\xc8\v1.41\sources\common\fttol.c estimated size: 245

stdfunc.c
		_full_bridge_pwm_init		CODE           	0466	0000	87
		_intr_init     		CODE           	0626	0000	11
		_set_addr      		CODE           	05FE	0000	21
		_serial_init   		CODE           	05CC	0000	31
		_i2c_init      		CODE           	052A	0000	49
		_init_for_MD   		CODE           	04F4	0000	55
		_set_duty      		CODE           	00CE	0000	259
		_which_am_i    		CODE           	0584	0000	37
		_change_rotate 		CODE           	0612	0000	21

stdfunc.c estimated size: 571

C:\Program Files (x86)\Microchip\xc8\v1.41\sources\common\float.c
		___ftpack      		CODE           	03B8	0000	175

C:\Program Files (x86)\Microchip\xc8\v1.41\sources\common\float.c estimated size: 175

shared
		i2_which_am_i  		CODE           	05A8	0000	37
		__initialization		CODE           	05EA	0000	7

shared estimated size: 44

C:\Program Files (x86)\Microchip\xc8\v1.41\sources\common\awtoft.c
		___awtoft      		CODE           	04BC	0000	57

C:\Program Files (x86)\Microchip\xc8\v1.41\sources\common\awtoft.c estimated size: 57

C:\Program Files (x86)\Microchip\xc8\v1.41\sources\common\ftmul.c
		___ftmul       		CODE           	02C4	0000	245

C:\Program Files (x86)\Microchip\xc8\v1.41\sources\common\ftmul.c estimated size: 245

main.c
		_main          		CODE           	055A	0000	43
		_intr          		CODE           	0008	0000	195

main.c estimated size: 238

